backend_reference/stripe-webhook.ts(12,23): error TS2307: Cannot find module 'https://deno.land/std@0.168.0/http/server.ts' or its corresponding type declarations.
backend_reference/stripe-webhook.ts(13,30): error TS2307: Cannot find module 'https://esm.sh/@supabase/supabase-js@2.0.0' or its corresponding type declarations.
backend_reference/stripe-webhook.ts(14,20): error TS2307: Cannot find module 'https://esm.sh/stripe@11.1.0?target=deno' or its corresponding type declarations.
backend_reference/stripe-webhook.ts(16,27): error TS2304: Cannot find name 'Deno'.
backend_reference/stripe-webhook.ts(25,27): error TS2304: Cannot find name 'Deno'.
backend_reference/stripe-webhook.ts(49,33): error TS2304: Cannot find name 'Deno'.
backend_reference/stripe-webhook.ts(50,40): error TS2304: Cannot find name 'Deno'.
index.tsx(23,10): error TS2339: Property 'state' does not exist on type 'ErrorBoundary'.
index.tsx(35,14): error TS2339: Property 'state' does not exist on type 'ErrorBoundary'.
index.tsx(39,22): error TS2339: Property 'state' does not exist on type 'ErrorBoundary'.
index.tsx(40,22): error TS2339: Property 'state' does not exist on type 'ErrorBoundary'.
index.tsx(45,17): error TS2339: Property 'props' does not exist on type 'ErrorBoundary'.
